// Jest Snapshot v1, https://goo.gl/fbAQLP

exports[`MainPage component snapshot renders 1`] = `
<div
  className="main-page"
/>
`;
